Log message 0: This is a test log entry.
Log message 1: This is a test log entry.
Log message 2: This is a test log entry.
Log message 3: This is a test log entry.
Log message 4: This is a test log entry.
Log message 5: This is a test log entry.
Log message 6: This is a test log entry.
Log message 7: This is a test log entry.
Log message 8: This is a test log entry.
Log message 9: This is a test log entry.
Log message 10: This is a test log entry.
Log message 11: This is a test log entry.
Log message 12: This is a test log entry.
Log message 13: This is a test log entry.
Log message 14: This is a test log entry.
Log message 15: This is a test log entry.
Log message 16: This is a test log entry.
Log message 17: This is a test log entry.
Log message 18: This is a test log entry.
Log message 19: This is a test log entry.
Log message 20: This is a test log entry.
Log message 21: This is a test log entry.
Log message 22: This is a test log entry.
Log message 23: This is a test log entry.
Log message 24: This is a test log entry.
Log message 25: This is a test log entry.
Log message 26: This is a test log entry.
Log message 27: This is a test log entry.
Log message 28: This is a test log entry.
Log message 29: This is a test log entry.
Log message 30: This is a test log entry.
Log message 31: This is a test log entry.
Log message 32: This is a test log entry.
Log message 33: This is a test log entry.
Log message 34: This is a test log entry.
Log message 35: This is a test log entry.
Log message 36: This is a test log entry.
Log message 37: This is a test log entry.
Log message 38: This is a test log entry.
Log message 39: This is a test log entry.
Log message 40: This is a test log entry.
Log message 41: This is a test log entry.
Log message 42: This is a test log entry.
Log message 43: This is a test log entry.
Log message 44: This is a test log entry.
Log message 45: This is a test log entry.
Log message 46: This is a test log entry.
Log message 47: This is a test log entry.
Log message 48: This is a test log entry.
Log message 49: This is a test log entry.
Log message 50: This is a test log entry.
Log message 51: This is a test log entry.
Log message 52: This is a test log entry.
Log message 53: This is a test log entry.
Log message 54: This is a test log entry.
Log message 55: This is a test log entry.
Log message 56: This is a test log entry.
Log message 57: This is a test log entry.
Log message 58: This is a test log entry.
Log message 59: This is a test log entry.
Log message 60: This is a test log entry.
Log message 61: This is a test log entry.
Log message 62: This is a test log entry.
Log message 63: This is a test log entry.
Log message 64: This is a test log entry.
Log message 65: This is a test log entry.
Log message 66: This is a test log entry.
Log message 67: This is a test log entry.
Log message 68: This is a test log entry.
Log message 69: This is a test log entry.
Log message 70: This is a test log entry.
Log message 71: This is a test log entry.
Log message 72: This is a test log entry.
Log message 73: This is a test log entry.
Log message 74: This is a test log entry.
Log message 75: This is a test log entry.
Log message 76: This is a test log entry.
Log message 77: This is a test log entry.
Log message 78: This is a test log entry.
Log message 79: This is a test log entry.
Log message 80: This is a test log entry.
Log message 81: This is a test log entry.
Log message 82: This is a test log entry.
Log message 83: This is a test log entry.
Log message 84: This is a test log entry.
Log message 85: This is a test log entry.
Log message 86: This is a test log entry.
Log message 87: This is a test log entry.
Log message 88: This is a test log entry.
Log message 89: This is a test log entry.
Log message 90: This is a test log entry.
Log message 91: This is a test log entry.
Log message 92: This is a test log entry.
Log message 93: This is a test log entry.
Log message 94: This is a test log entry.
Log message 95: This is a test log entry.
Log message 96: This is a test log entry.
Log message 97: This is a test log entry.
Log message 98: This is a test log entry.
Log message 99: This is a test log entry.
Test message
Test message
